******************************************************************************
               TMS320C6x Linker PC v8.3.12                     
******************************************************************************
>> Linked Mon Dec  5 14:08:28 2022

OUTPUT FILE NAME:   <n-dft.out>
ENTRY POINT SYMBOL: "_c_int00"  address: 80001480


MEMORY CONFIGURATION

         name            origin    length      used     unused   attr    fill
----------------------  --------  ---------  --------  --------  ----  --------
  DSPL2ROM              00700000   00100000  00000000  00100000  RWIX
  DSPL2RAM              00800000   00040000  00000000  00040000  RWIX
  DSPL1PRAM             00e00000   00008000  00000000  00008000  RWIX
  DSPL1DRAM             00f00000   00008000  00000000  00008000  RWIX
  SHDSPL2ROM            11700000   00100000  00000000  00100000  RWIX
  SHDSPL2RAM            11800000   00040000  00000000  00040000  RWIX
  SHDSPL1PRAM           11e00000   00008000  00000000  00008000  RWIX
  SHDSPL1DRAM           11f00000   00008000  00000000  00008000  RWIX
  EMIFACS0              40000000   20000000  00000000  20000000  RWIX
  EMIFACS2              60000000   02000000  00000000  02000000  RWIX
  EMIFACS3              62000000   02000000  00000000  02000000  RWIX
  EMIFACS4              64000000   02000000  00000000  02000000  RWIX
  EMIFACS5              66000000   02000000  00000000  02000000  RWIX
  SHRAM                 80000000   00020000  00001fc4  0001e03c  RWIX
  DDR2                  c0000000   20000000  00000000  20000000  RWIX


SEGMENT ALLOCATION MAP

run origin  load origin   length   init length attrs members
----------  ----------- ---------- ----------- ----- -------
80000000    80000000    000016a0   000016a0    r-x
  80000000    80000000    000016a0   000016a0    r-x .text
800016a0    800016a0    0000088c   00000000    rw-
  800016a0    800016a0    00000800   00000000    rw- .stack
  80001ea0    80001ea0    0000008c   00000000    rw- .fardata
80001f30    80001f30    00000098   00000098    r--
  80001f30    80001f30    00000098   00000098    r-- .cinit


SECTION ALLOCATION MAP

 output                                  attributes/
section   page    origin      length       input sections
--------  ----  ----------  ----------   ----------------
.text      0    80000000    000016a0     
                  80000000    00000600     rts6740_elf.lib : divd.c.obj (.text:__c6xabi_divd)
                  80000600    00000300                     : cos.c.obj (.text:cos)
                  80000900    000002e0                     : sin.c.obj (.text:sin)
                  80000be0    00000260     main.obj (.text)
                  80000e40    00000100     rts6740_elf.lib : copy_decompress_rle.c.obj (.text:__TI_decompress_rle_core)
                  80000f40    000000e0                     : exit.c.obj (.text:exit)
                  80001020    000000e0                     : memset.c.obj (.text:memset)
                  80001100    000000c0                     : autoinit.c.obj (.text:__TI_auto_init_nobinit_nopinit:__TI_auto_init_nobinit_nopinit)
                  800011c0    000000c0                     : modf.c.obj (.text:modf)
                  80001280    000000c0                     : tls.c.obj (.text:tls:init:__TI_tls_init)
                  80001340    000000a0                     : round.c.obj (.text:__c6xabi_nround)
                  800013e0    000000a0                     : memcpy64.asm.obj (.text:memcpy)
                  80001480    00000080                     : boot.c.obj (.text:_c_int00)
                  80001500    00000060                     : llshift.c.obj (.text:__c6xabi_llshru)
                  80001560    00000040                     : frcmpyd_div.c.obj (.text:__TI_frcmpyd_div)
                  800015a0    00000040                     : args_main.c.obj (.text:_args_main)
                  800015e0    00000020                     : trunc.c.obj (.text:__c6xabi_trunc)
                  80001600    00000020                     : startup.c.obj (.text:_system_post_cinit)
                  80001620    00000020                     : pre_init.c.obj (.text:_system_pre_init)
                  80001640    00000020                     : exit.c.obj (.text:abort)
                  80001660    00000020                     : copy_decompress_none.c.obj (.text:decompress:none:__TI_decompress_none)
                  80001680    00000020                     : copy_decompress_rle.c.obj (.text:decompress:rle24:__TI_decompress_rle24)

.stack     0    800016a0    00000800     UNINITIALIZED
                  800016a0    00000008     rts6740_elf.lib : boot.c.obj (.stack)
                  800016a8    000007f8     --HOLE--

.cinit     0    80001f30    00000098     
                  80001f30    00000085     (.cinit..fardata.load) [load image, compression = rle]
                  80001fb5    00000003     --HOLE-- [fill = 0]
                  80001fb8    00000008     (__TI_handler_table)
                  80001fc0    00000008     (__TI_cinit_table)

.init_array 
*          0    80000000    00000000     UNINITIALIZED

.fardata   0    80001ea0    0000008c     UNINITIALIZED
                  80001ea0    00000040     rts6740_elf.lib : cos.c.obj (.fardata:R$1)
                  80001ee0    00000040                     : sin.c.obj (.fardata:R$1)
                  80001f20    0000000c                     : exit.c.obj (.fardata)

MODULE SUMMARY

       Module                       code   ro data   rw data
       ------                       ----   -------   -------
    .\
       main.obj                     608    0         0      
    +--+----------------------------+------+---------+---------+
       Total:                       608    0         0      
                                                            
    C:\ti\ccs1210\ccs\tools\compiler\ti-cgt-c6000_8.3.12\lib\rts6740_elf.lib
       divd.c.obj                   1536   0         0      
       cos.c.obj                    768    0         64     
       sin.c.obj                    736    0         64     
       copy_decompress_rle.c.obj    288    0         0      
       exit.c.obj                   256    0         12     
       memset.c.obj                 224    0         0      
       autoinit.c.obj               192    0         0      
       modf.c.obj                   192    0         0      
       tls.c.obj                    192    0         0      
       memcpy64.asm.obj             160    0         0      
       round.c.obj                  160    0         0      
       boot.c.obj                   128    0         0      
       llshift.c.obj                96     0         0      
       args_main.c.obj              64     0         0      
       frcmpyd_div.c.obj            64     0         0      
       copy_decompress_none.c.obj   32     0         0      
       pre_init.c.obj               32     0         0      
       startup.c.obj                32     0         0      
       trunc.c.obj                  32     0         0      
    +--+----------------------------+------+---------+---------+
       Total:                       5184   0         140    
                                                            
       Stack:                       0      0         2048   
       Linker Generated:            0      149       0      
    +--+----------------------------+------+---------+---------+
       Grand Total:                 5792   149       2188   


LINKER GENERATED COPY TABLES

__TI_cinit_table @ 80001fc0 records: 1, size/record: 8, table size: 8
	.fardata: load addr=80001f30, load size=00000085 bytes, run addr=80001ea0, run size=0000008c bytes, compression=rle


LINKER GENERATED HANDLER TABLE

__TI_handler_table @ 80001fb8 records: 2, size/record: 4, table size: 8
	index: 0, handler: __TI_decompress_rle24
	index: 1, handler: __TI_decompress_none


GLOBAL SYMBOLS: SORTED ALPHABETICALLY BY Name 

address   name                           
-------   ----                           
80001640  C$$EXIT                        
80001fc0  __TI_CINIT_Base                
80001fc8  __TI_CINIT_Limit               
80001fb8  __TI_Handler_Table_Base        
80001fc0  __TI_Handler_Table_Limit       
80001ea0  __TI_STACK_END                 
00000800  __TI_STACK_SIZE                
00000000  __TI_STATIC_BASE               
UNDEFED   __TI_TLS_INIT_Base             
UNDEFED   __TI_TLS_INIT_Limit            
80001100  __TI_auto_init_nobinit_nopinit 
80001f20  __TI_cleanup_ptr               
80001660  __TI_decompress_none           
80001680  __TI_decompress_rle24          
80001f24  __TI_dtors_ptr                 
80001f28  __TI_enable_exit_profile_output
80001560  __TI_frcmpyd_div               
ffffffff  __TI_pprof_out_hndl            
ffffffff  __TI_prof_data_size            
ffffffff  __TI_prof_data_start           
80001280  __TI_tls_init                  
ffffffff  __binit__                      
80000000  __c6xabi_divd                  
80001500  __c6xabi_llshru                
80001340  __c6xabi_nround                
80001340  __c6xabi_roundl                
800015e0  __c6xabi_trunc                 
800015e0  __c6xabi_truncl                
ffffffff  __c_args__                     
800015a0  _args_main                     
80001480  _c_int00                       
800016a0  _stack                         
80001600  _system_post_cinit             
80001620  _system_pre_init               
80001640  abort                          
ffffffff  binit                          
80000600  cos                            
80000600  cosl                           
80000f40  exit                           
80000be0  main                           
800013e0  memcpy                         
80001020  memset                         
800011c0  modf                           
800011c0  modfl                          
80000900  sin                            
80000900  sinl                           


GLOBAL SYMBOLS: SORTED BY Symbol Address 

address   name                           
-------   ----                           
00000000  __TI_STATIC_BASE               
00000800  __TI_STACK_SIZE                
80000000  __c6xabi_divd                  
80000600  cos                            
80000600  cosl                           
80000900  sin                            
80000900  sinl                           
80000be0  main                           
80000f40  exit                           
80001020  memset                         
80001100  __TI_auto_init_nobinit_nopinit 
800011c0  modf                           
800011c0  modfl                          
80001280  __TI_tls_init                  
80001340  __c6xabi_nround                
80001340  __c6xabi_roundl                
800013e0  memcpy                         
80001480  _c_int00                       
80001500  __c6xabi_llshru                
80001560  __TI_frcmpyd_div               
800015a0  _args_main                     
800015e0  __c6xabi_trunc                 
800015e0  __c6xabi_truncl                
80001600  _system_post_cinit             
80001620  _system_pre_init               
80001640  C$$EXIT                        
80001640  abort                          
80001660  __TI_decompress_none           
80001680  __TI_decompress_rle24          
800016a0  _stack                         
80001ea0  __TI_STACK_END                 
80001f20  __TI_cleanup_ptr               
80001f24  __TI_dtors_ptr                 
80001f28  __TI_enable_exit_profile_output
80001fb8  __TI_Handler_Table_Base        
80001fc0  __TI_CINIT_Base                
80001fc0  __TI_Handler_Table_Limit       
80001fc8  __TI_CINIT_Limit               
ffffffff  __TI_pprof_out_hndl            
ffffffff  __TI_prof_data_size            
ffffffff  __TI_prof_data_start           
ffffffff  __binit__                      
ffffffff  __c_args__                     
ffffffff  binit                          
UNDEFED   __TI_TLS_INIT_Base             
UNDEFED   __TI_TLS_INIT_Limit            

[46 symbols]
